# D-PBC-24 stage 0 — vendored libcint 6.1.3 env[PTR_RANGE_OMEGA] sweep
# Fixture: two centres at (0,0,0) and (0.3,0,1.7); s/p/d/f on each,
#   one primitive and one contraction per shell, spherical form.
# sr_regime: 'doubled_roots' = rys_order <= 3, where libcint computes SR as
#   full minus long range over 2*rys_order roots and NO new quadrature is
#   needed; 'sr_rys_roots' = rys_order > 3, which needs the lower-bounded
#   CINTsr_rys_roots family (D-PBC-24 stage 3, not implemented).

tuple, rys_order, sr_regime, omega, n, max_abs, sum_abs, first, last
int2c2e(s,s), 1, doubled_roots, +0.0, 1, 1.32644195517180341e0, 1.32644195517180341e0, 1.32644195517180341e0, 1.32644195517180341e0
int2c2e(s,s), 1, doubled_roots, +0.3, 1, 7.24794146464716404e-1, 7.24794146464716404e-1, 7.24794146464716404e-1, 7.24794146464716404e-1
int2c2e(s,s), 1, doubled_roots, +0.8, 1, 1.16500248616109525e0, 1.16500248616109525e0, 1.16500248616109525e0, 1.16500248616109525e0
int2c2e(s,s), 1, doubled_roots, -0.3, 1, 6.01647808707087006e-1, 6.01647808707087006e-1, 6.01647808707087006e-1, 6.01647808707087006e-1
int2c2e(s,s), 1, doubled_roots, -0.8, 1, 1.61439469010708159e-1, 1.61439469010708159e-1, 1.61439469010708159e-1, 1.61439469010708159e-1
int2c2e(p,p), 2, doubled_roots, +0.0, 9, 1.29642082357969346e0, 3.01597690502427707e0, 1.25632097617442184e0, 8.77016801041641259e-3
int2c2e(p,p), 2, doubled_roots, +0.3, 9, 2.00824640654536257e-1, 5.70029552661781458e-1, 1.99334848186595193e-1, 1.52985749183984832e-1
int2c2e(p,p), 2, doubled_roots, +0.8, 9, 8.37065673404028932e-1, 2.12014619616250100e0, 8.19109258013996921e-1, 2.60465223657446010e-1
int2c2e(p,p), 2, doubled_roots, -0.3, 9, 1.09559618292515726e0, 2.73437851470963222e0, 1.05698612798782676e0, -1.44215581173568419e-1
int2c2e(p,p), 2, doubled_roots, -0.8, 9, 4.59355150175664528e-1, 1.39922082015583427e0, 4.37211718160424700e-1, -2.51695055647029597e-1
int2c2e(d,d), 3, doubled_roots, +0.0, 25, 1.08965412168295445e-1, 6.37169755101831492e-1, 1.08858904548069513e-1, 1.08965412168295445e-1
int2c2e(d,d), 3, doubled_roots, +0.3, 25, 2.45674028855842521e-3, 1.05314913520940939e-2, 2.45667708746172709e-3, 2.45674028855842521e-3
int2c2e(d,d), 3, doubled_roots, +0.8, 25, 4.06529181272189954e-2, 1.26343232706738695e-1, 4.06394934510212955e-2, 4.06529181272189954e-2
int2c2e(d,d), 3, doubled_roots, -0.3, 25, 1.06508671879737088e-1, 6.36727777041285137e-1, 1.06402227460607776e-1, 1.06508671879737088e-1
int2c2e(d,d), 3, doubled_roots, -0.8, 25, 9.24060064182916779e-2, 5.10826522395093074e-1, 6.82194110970482243e-2, 6.83124940410763520e-2
int2c2e(f,f), 4, sr_rys_roots, +0.0, 49, 2.16893633300216919e1, 8.49110169654822897e1, 2.16893633300216919e1, 2.16893327084307224e1
int2c2e(f,f), 4, sr_rys_roots, +0.3, 49, 4.13040814160993308e-1, 2.31436664590985819e0, 4.13040814160993308e-1, 4.13040800010803455e-1
int2c2e(f,f), 4, sr_rys_roots, +0.8, 49, 8.80120193533620210e0, 3.25865706938130728e1, 8.80120193533620210e0, 8.80119682670068215e0
int2c2e(f,f), 4, sr_rys_roots, -0.3, 49, 2.12763225158600875e1, 8.39984824902766860e1, 2.12763225158600875e1, 2.12762919084193065e1
int2c2e(f,f), 4, sr_rys_roots, -0.8, 49, 1.28881613946860512e1, 6.11890031086008719e1, 1.28881613946860512e1, 1.28881358817305944e1
int3c2e(s,s|d), 2, doubled_roots, +0.0, 5, 6.91435610032503645e-3, 9.25062637006128854e-3, -0.00000000000000000e0, 1.89427319167795316e-4
int3c2e(s,s|d), 2, doubled_roots, +0.3, 5, 5.82632513953865172e-5, 7.79496401318351752e-5, -0.00000000000000000e0, 1.59619368133440132e-6
int3c2e(s,s|d), 2, doubled_roots, +0.8, 5, 1.57236185521807126e-3, 2.10364231030493948e-3, -0.00000000000000000e0, 4.30767936556927800e-5
int3c2e(s,s|d), 2, doubled_roots, -0.3, 5, 6.85609284892964299e-3, 9.17267672992944615e-3, 0.00000000000000000e0, 1.87831125486460915e-4
int3c2e(s,s|d), 2, doubled_roots, -0.8, 5, 5.34199424510696866e-3, 7.14698405975636164e-3, 0.00000000000000000e0, 1.46350525512111210e-4
int3c2e(p,p|d), 3, doubled_roots, +0.0, 45, 5.04665556073267685e-2, 3.49020555109035735e-1, -0.00000000000000000e0, -6.88434351975741876e-4
int3c2e(p,p|d), 3, doubled_roots, +0.3, 45, 7.16272296693698149e-4, 4.11994443733643828e-3, -0.00000000000000000e0, -7.22294405861023670e-6
int3c2e(p,p|d), 3, doubled_roots, +0.8, 45, 1.50240703313945442e-2, 9.36070774834922015e-2, -0.00000000000000000e0, -1.80817545730432849e-4
int3c2e(p,p|d), 3, doubled_roots, -0.3, 45, 4.97502833106330741e-2, 3.44978480243206764e-1, 0.00000000000000000e0, -6.81211407917117762e-4
int3c2e(p,p|d), 3, doubled_roots, -0.8, 45, 3.54424852759322243e-2, 2.55413477625543561e-1, 0.00000000000000000e0, -5.07616806245315966e-4
int3c2e(d,d|d), 4, sr_rys_roots, +0.0, 125, 1.19318263236667978e-2, 2.39788842425587262e-1, -0.00000000000000000e0, 1.48579180961151691e-4
int3c2e(d,d|d), 4, sr_rys_roots, +0.3, 125, 1.67605817677274392e-4, 2.50145829055636046e-3, -0.00000000000000000e0, 3.69626483558905985e-6
int3c2e(d,d|d), 4, sr_rys_roots, +0.8, 125, 3.60277989324124699e-3, 6.12261615194111472e-2, -0.00000000000000000e0, 6.30445818192398692e-5
int3c2e(d,d|d), 4, sr_rys_roots, -0.3, 125, 1.17642205059900282e-2, 2.37497457888934227e-1, -0.00000000000000000e0, 1.44882916125578867e-4
int3c2e(d,d|d), 4, sr_rys_roots, -0.8, 125, 8.32904643044316863e-3, 1.82351112190814402e-1, -0.00000000000000000e0, 8.55345991421212898e-5
int2e(s,s|s,s), 1, doubled_roots, +0.0, 1, 1.44923689493998758e-3, 1.44923689493998758e-3, 1.44923689493998758e-3, 1.44923689493998758e-3
int2e(s,s|s,s), 1, doubled_roots, +0.3, 1, 4.16435157445741279e-4, 4.16435157445741279e-4, 4.16435157445741279e-4, 4.16435157445741279e-4
int2e(s,s|s,s), 1, doubled_roots, +0.8, 1, 9.05331111002161777e-4, 9.05331111002161777e-4, 9.05331111002161777e-4, 9.05331111002161777e-4
int2e(s,s|s,s), 1, doubled_roots, -0.3, 1, 1.03280173749424630e-3, 1.03280173749424630e-3, 1.03280173749424630e-3, 1.03280173749424630e-3
int2e(s,s|s,s), 1, doubled_roots, -0.8, 1, 5.43905783937825805e-4, 5.43905783937825805e-4, 5.43905783937825805e-4, 5.43905783937825805e-4
int2e(p,p|p,p), 3, doubled_roots, +0.0, 81, 1.89207189779203866e-2, 2.20664530642824236e-1, 1.14158664957351007e-2, 1.89207189779203866e-2
int2e(p,p|p,p), 3, doubled_roots, +0.3, 81, 5.29287742385942464e-3, 6.66473831554623836e-2, 4.68448728059256501e-3, 4.35152031651433492e-3
int2e(p,p|p,p), 3, doubled_roots, +0.8, 81, 1.04090645551258281e-2, 1.40526727117099348e-1, 8.54106498530082976e-3, 1.04090645551258281e-2
int2e(p,p|p,p), 3, doubled_roots, -0.3, 81, 1.45691986614060586e-2, 1.55574571205567613e-1, 6.73137921514253661e-3, 1.45691986614060586e-2
int2e(p,p|p,p), 3, doubled_roots, -0.8, 81, 8.51165442279455849e-3, 8.01378035257248600e-2, 2.87480151043427098e-3, 8.51165442279455849e-3
int2e(d,d|d,d), 5, sr_rys_roots, +0.0, 625, 3.21306589243897101e-3, 7.89893490985719982e-2, 5.24683200029243024e-4, 5.26488421408280102e-4
int2e(d,d|d,d), 5, sr_rys_roots, +0.3, 625, 8.94530772470263471e-4, 2.03454027657981457e-2, 2.04790347470614370e-4, 2.05700705654490853e-4
int2e(d,d|d,d), 5, sr_rys_roots, +0.8, 625, 1.90988689366492653e-3, 4.39592262882456813e-2, 3.80030380980642438e-4, 3.81747215601765163e-4
int2e(d,d|d,d), 5, sr_rys_roots, -0.3, 625, 2.31853511997038349e-3, 6.08275420002852285e-2, 3.19892852558868561e-4, 3.20787715754029996e-4
int2e(d,d|d,d), 5, sr_rys_roots, -0.8, 625, 1.30317899877404014e-3, 3.75399325361236921e-2, 1.44652819048600478e-4, 1.44741205806514560e-4

# SR(omega) + LR(omega) - full, worst absolute residual per tuple.
# This is the identity that catches an erf/erfc swap.
tuple, rys_order, omega, worst_residual
int2c2e(s,s), 1, +0.3, 0.000e0
int2c2e(s,s), 1, +0.8, 0.000e0
int2c2e(p,p), 2, +0.3, 0.000e0
int2c2e(p,p), 2, +0.8, 2.220e-16
int2c2e(d,d), 3, +0.3, 4.372e-16
int2c2e(d,d), 3, +0.8, 2.463e-16
int3c2e(s,s|d), 2, +0.3, 6.939e-18
int3c2e(s,s|d), 2, +0.8, 8.674e-18
int3c2e(p,p|d), 3, +0.3, 2.776e-17
int3c2e(p,p|d), 3, +0.8, 2.776e-17
int2e(s,s|s,s), 1, +0.3, 0.000e0
int2e(s,s|s,s), 1, +0.8, 0.000e0
int2e(p,p|p,p), 3, +0.3, 6.939e-18
int2e(p,p|p,p), 3, +0.8, 3.469e-18
